(---------------------------------------------------------------------)
(                                                                     )
(    Allegro Netrev Import Logic                                      )
(                                                                     )
(    Drawing          : TubiiPCB_V3.brd                               )
(    Software Version : 16.6P004                                      )
(    Date/Time        : Sun May 03 17:05:22 2015                      )
(                                                                     )
(---------------------------------------------------------------------)


------ Directives ------

RIPUP_ETCH FALSE;
RIPUP_DELETE_FIRST_SEGMENT FALSE;
RIPUP_RETAIN_BONDWIRE FALSE;
RIPUP_SYMBOLS ALWAYS;
Missing symbol has error FALSE;
SCHEMATIC_DIRECTORY 'C:\Users\QGPWindowsVB\Documents\ANUSTART\worklib\tubii\packaged';
BOARD_DIRECTORY '';
OLD_BOARD_NAME 'C:/Users/QGPWindowsVB/Documents/ANUSTART/worklib/tubii/physical/TubiiPCB_V3.brd';
NEW_BOARD_NAME 'C:/Users/QGPWindowsVB/Documents/ANUSTART/worklib/tubii/physical/TubiiPCB_V3.brd';

CmdLine: netrev -proj C:\Users\QGPWindowsVB\Documents\ANUSTART\tubii_tk2.cpm -y 1 -O C:\Users\QGPWindowsVB\Documents\ANUSTART\worklib\tubii\physical\TubiiPCB_V3.brd C:\Users\QGPWindowsVB\Documents\ANUSTART\worklib\tubii\physical\TubiiPCB_V3.brd -$

------ Preparing to read pst files ------

Starting to read C:/Users/QGPWindowsVB/Documents/ANUSTART/worklib/tubii/packaged/pstchip.dat 
   Finished reading C:/Users/QGPWindowsVB/Documents/ANUSTART/worklib/tubii/packaged/pstchip.dat (00:00:00.78)
Starting to read C:/Users/QGPWindowsVB/Documents/ANUSTART/worklib/tubii/packaged/pstxprt.dat 
   Finished reading C:/Users/QGPWindowsVB/Documents/ANUSTART/worklib/tubii/packaged/pstxprt.dat (00:00:00.17)
Starting to read C:/Users/QGPWindowsVB/Documents/ANUSTART/worklib/tubii/packaged/pstxnet.dat 
#1   ERROR(1) Syntax error : unexpected character
     Expected = character for net property      at line 2800
     File name : 'C:/Users/QGPWindowsVB/Documents/ANUSTART/worklib/tubii/packaged/pstxnet.dat'

#2   ERROR(102) Run stopped because errors were detected

netrev run on May 3 17:05:21 2015
   DESIGN NAME : 'TUBII'
   PACKAGING ON 03-May-2015 AT 17:03:05

   COMPILE 'logic'
   CHECK_PIN_NAMES OFF
   CROSS_REFERENCE OFF
   DIRECTORIES  <none>
   FEEDBACK OFF
   INCREMENTAL OFF
   INTERFACE_TYPE PHYSICAL
   LIBRARIES  'tubii_tk2_lib' 'standard' 'diode' 'dig_ecl' 'opa' 'opamp'
              'special' 'capacitors' 'diodes' 'ecl' 'physparts' 'regulators'
              'resistors' 'SNO_standard' 'ttl' 'misc' 'transistors'
   MASTER_LIBRARIES  <none>
   MAX_ERRORS 500
   MERGE_MINIMUM 5
   NET_NAME_CHARS '#%&()*+-./:=>?@[]^_`|'
   NET_NAME_LENGTH 24
   OVERSIGHTS ON
   REPLACE_CHECK OFF
   SINGLE_NODE_NETS ON
   SPLIT_MINIMUM 0
   SUPPRESS   20
   WARNINGS ON

  2 errors detected
 No oversight detected
 No warning detected

cpu time      0:03:40
elapsed time  0:00:01

