(---------------------------------------------------------------------)
(                                                                     )
(    Allegro Netrev Import Logic                                      )
(                                                                     )
(    Drawing          : TubiiPCB_V6.brd                               )
(    Software Version : 16.6P004                                      )
(    Date/Time        : Wed May 27 20:29:03 2015                      )
(                                                                     )
(---------------------------------------------------------------------)


------ Directives ------

RIPUP_ETCH FALSE;
RIPUP_DELETE_FIRST_SEGMENT FALSE;
RIPUP_RETAIN_BONDWIRE FALSE;
RIPUP_SYMBOLS ALWAYS;
Missing symbol has error FALSE;
SCHEMATIC_DIRECTORY 'C:\Users\Eric Marzec\Documents\A_NU_START\Tubii_Tk2\worklib\tubii\packaged';
BOARD_DIRECTORY '';
OLD_BOARD_NAME 'C:/Users/Eric Marzec/Documents/A_NU_START/Tubii_Tk2/worklib/tubii/physical/TubiiPCB_V6.brd';
NEW_BOARD_NAME 'C:/Users/Eric Marzec/Documents/A_NU_START/Tubii_Tk2/worklib/tubii/physical/TubiiPCB_V6.brd';

CmdLine: netrev -proj C:\Users\Eric Marzec\Documents\A_NU_START\Tubii_Tk2\tubii_tk2.cpm -y 1 -O C:\Users\Eric Marzec\Documents\A_NU_START\Tubii_Tk2\worklib\tubii\physical\TubiiPCB_V6.brd C:\Users\Eric Marzec\Documents\A_NU_START\Tubii_Tk2\worklib\tubii\physical\TubiiPCB_V6.brd -$

------ Preparing to read pst files ------

Starting to read C:/Users/Eric Marzec/Documents/A_NU_START/Tubii_Tk2/worklib/tubii/packaged/pstchip.dat 
   Finished reading C:/Users/Eric Marzec/Documents/A_NU_START/Tubii_Tk2/worklib/tubii/packaged/pstchip.dat (00:00:20.83)
Starting to read C:/Users/Eric Marzec/Documents/A_NU_START/Tubii_Tk2/worklib/tubii/packaged/pstxprt.dat 
   Finished reading C:/Users/Eric Marzec/Documents/A_NU_START/Tubii_Tk2/worklib/tubii/packaged/pstxprt.dat (00:00:00.06)
Starting to read C:/Users/Eric Marzec/Documents/A_NU_START/Tubii_Tk2/worklib/tubii/packaged/pstxnet.dat 
   Finished reading C:/Users/Eric Marzec/Documents/A_NU_START/Tubii_Tk2/worklib/tubii/packaged/pstxnet.dat (00:00:00.06)

------ Oversights/Warnings/Errors ------


#1   WARNING(SPMHNI-192): Device/Symbol check warning detected. [help]

WARNING(SPMHNI-194): Symbol 'INDUCT805' for device 'INDUCTOR_L' not found in PSMPATH or must be "dbdoctor"ed.



===========================================================
Start Constraint Diff3 Import
	Constraint File:    C:/Users/Eric Marzec/Documents/A_NU_START/Tubii_Tk2/worklib/tubii/packaged/pstcmdb.dat
	Allegro Baseline:   C:/Users/ERICMA~1/AppData/Local/Temp/#Taaaaae08832.tmp
	Start time: Wed May 27 20:29:04 2015
===========================================================
===========================================================
Finished Constraint Update	Time: Wed May 27 20:29:04 2015
===========================================================

------ Library Paths ------
MODULEPATH =  . 
           C:/Cadence/SPB_16.6/share/local/pcb/modules 

PSMPATH =  . 
           symbols 
           .. 
           ../symbols 
           C:/Cadence/SPB_16.6/share/local/pcb/symbols 
           C:/Cadence/SPB_16.6/share/pcb/pcb_lib/symbols 
           C:/Cadence/SPB_16.6/share/pcb/allegrolib/symbols 

PADPATH =  . 
           symbols 
           .. 
           ../symbols 
           C:/Cadence/SPB_16.6/share/local/pcb/padstacks 
           C:/Cadence/SPB_16.6/share/pcb/pcb_lib/symbols 
           C:/Cadence/SPB_16.6/share/pcb/allegrolib/symbols 


------ Summary Statistics ------


netrev run on May 27 20:28:42 2015
   DESIGN NAME : 'TUBII'
   PACKAGING ON 27-May-2015 AT 20:27:02

   COMPILE 'logic'
   CHECK_PIN_NAMES OFF
   CROSS_REFERENCE OFF
   DIRECTORIES  <none>
   FEEDBACK OFF
   INCREMENTAL OFF
   INTERFACE_TYPE PHYSICAL
   LIBRARIES  'tubii_tk2_lib' 'standard' 'diode' 'dig_ecl' 'opa' 'opamp'
              'special' 'capacitors' 'diodes' 'ecl' 'physparts' 'regulators'
              'resistors' 'SNO_standard' 'ttl' 'misc' 'transistors'
   MASTER_LIBRARIES  <none>
   MAX_ERRORS 500
   MERGE_MINIMUM 5
   NET_NAME_CHARS '#%&()*+-./:=>?@[]^_`|'
   NET_NAME_LENGTH 24
   OVERSIGHTS ON
   REPLACE_CHECK OFF
   SINGLE_NODE_NETS ON
   SPLIT_MINIMUM 0
   SUPPRESS   20
   WARNINGS ON

 No error detected
 No oversight detected
  1 warnings detected

cpu time      1:12:28
elapsed time  0:00:23

