TITLE:                 Bill of Materials
DATE:                  06/04/2015
DESIGN:                tubii
TEMPLATE:              C:\Cadence\SPB_16.6\share\cdssetup\template.bom
CALLOUT:               bom.callouts

Part Name         Ref Des                 Qty     Unit       Cost  
                                                  Price            
===============   ====================   ====   =======   =======  
1N4448            U109,U110,U114,U115,     16         ?         ?  
                  U119,U120,U124,U125,                             
                  U129,U130,U134,U135,                             
                  U139,U140,U144,U145                              
1N5822            U227                      1         ?         ?  
3006P_TRIMPOT     U149,U150                 2         ?         ?  
74F06             U63,U64                   2         ?         ?  
74F07             U101                      1         ?         ?  
74HCT164          U2,U66,U97,U98            4         ?         ?  
74HCT165          U3                        1         ?         ?  
74HCT273          U96                       1         ?         ?  
74LV06A           U219                      1         ?         ?  
74LV07A           U76,U77,U158-U161,       13         ?         ?  
                  U163,U164,U221-U225                              
74LVC07A          U226                      1         ?         ?  
7815S_L           Q2                        1         ?         ?  
7915_L            Q1                        1         ?         ?  
AD7243            U69                       1         ?         ?  
AD8009_SOIC       U50                       1         ?         ?  
AD96687           U70                       1         ?         ?  
BAS16LT1          D19-D22                   4         ?         ?  
BSS138            U218                      1         ?         ?  
CAP_1210-100UF,   C226                      1      4.95      4.95  
20%,16V,X7S                                                        
CAP_1210-220UF,   C225                      1      1.65      1.65  
20%,6.3V,X5R                                                       
CONN12            J2                        1         ?         ?  
CONN14            U6,U16                    2         ?         ?  
CONN16            J4,J5                     2         ?         ?  
CONN20            J3                        1         ?         ?  
CONN32            U148                      1         ?         ?  
COTO2342          U107,U112,U117,U122,      8         ?         ?  
                  U127,U132,U137,U142                              
CSMD0603-0.1UF,   C1-C3,C11-C15,           86         ?         ?  
10%,0603,50V      C22-C30,C32-C48,                                 
                  C84-C87,C89,                                     
                  C101-C105,C110-C122,                             
                  C124-C133,C135,C136,                             
                  C184,C203-C208,                                  
                  C214-C216,C218-C224                              
CSMD0603-0.1UF,   C52-C57,C60,C62,C63,     14         ?         ?  
5%,0603,50V       C66,C96-C98,C183                                 
CSMD0603-1.0UF,   C4-C7,C9,C50              6         ?         ?  
10%,0603,25V                                                       
CSMD0603-10NF,    C31                       1         ?         ?  
10%,0603,25V                                                       
CSMD0805-0.01UF   C202                      1         ?         ?  
,10%,0805,25V                                                      
CSMD0805-0.1UF,   C8,C10,C49,C51,C58,      29         ?         ?  
5%,0805,50V       C59,C61,C64,C65,C76,                             
                  C78,C88,C90-C94,C99,                             
                  C100,C123,C137-C140,                             
                  C181,C182,C209,C211,                             
                  C213                                             
CSMD0805-0.33UF   C71,C72                   2         ?         ?  
,10%,0805,25V                                                      
CSMD0805-1.0UF,   C16-C21                   6         ?         ?  
10%,0805,25V                                                       
CSMD0805-100NF,   C95                       1         ?         ?  
10%,0805,25V                                                       
CSMD0805-10NF,    C83                       1         ?         ?  
10%,0805,25V                                                       
CSMD0805-15PF,    C134                      1         ?         ?  
10%,0805,25V                                                       
CSMD0805-1UF,     C106-C109,C141-C180      44         ?         ?  
10%,0805,25V                                                       
CSMD0805-5PF,     C217                      1         ?         ?  
5%,0805,50V                                                        
CSMD0805-NS,      C186-C201,C210,C212      18         ?         ?  
10%,0805,25V                                                       
DR610F1_BUTTON    U151                      1         ?         ?  
DS1023200         U1                        1         ?         ?  
DS102350          U36,U37                   2         ?         ?  
DS1023500         U7                        1         ?         ?  
DS90LV019         U58                       1         ?         ?  
DS90LV027         U20                       1         ?         ?  
FCI_61083-10140   U5,U65                    2         ?         ?  
0LF                                                                
FOXCLOCK          U26                       1         ?         ?  
HCT123            U9,U38,U47,U62,U95        5         ?         ?  
HCT238_TSSOP      U61                       1         ?         ?  
HCT374_1          U4,U99,U100               3         ?         ?  
IDS_C10           U53,U54,U80,U165          4         ?         ?  
INDUCTOR_L        L1-L6                     6         ?         ?  
LED_1206-GREEN,   LED3,LED5,LED7,LED9,      8         ?         ?  
GREEN,1206,16V    LED11,LED13,LED15,                               
                  LED17                                            
LED_1206-RED,     LED1,LED2,LED4            3         ?         ?  
RED,1206,16V                                                       
LED_L             D1-D18                   18         ?         ?  
LM2595            U220                      1         ?         ?  
LT1085CT          U162                      1         ?         ?  
MC10E016          U82                       1         ?         ?  
MC10E101          U44                       1         ?         ?  
MC10E116          U11,U17,U21,U43,U55,      8         ?         ?  
                  U74,U75,U83                                      
MC10H104          U12,U30,U32,U39,U40,      6         ?         ?  
                  U84                                              
MC10H116          U34,U51,U52,U153          4         ?         ?  
MC10H124          U8,U10,U29,U31,U33,       9         ?         ?  
                  U57,U67,U68,U94                                  
MC10H125          U18,U24,U35,U45,U56,      8         ?         ?  
                  U78,U79,U93                                      
MC10H131          U41,U42,U46,U73,U85       5         ?         ?  
MMBTH10           U59                       1         ?         ?  
MMBTH81           U19                       1         ?         ?  
MPSH81            U60                       1         ?         ?  
OPA2277_SOIC      U15                       1         ?         ?  
OPA277            U147                      1         ?         ?  
OPA4277           U13,U14                   2         ?         ?  
OSTOQ027150       U154                      1         ?         ?  
OSTOQ047150       U48,U49                   2         ?         ?  
PICKERING113FC    U102-U105                 4         ?         ?  
REF02             U146                      1         ?         ?  
RES_L             R194-R198,R201,R203,     72         ?         ?  
                  R204,R208,R211-R215,                             
                  R218,R220,R221,R225,                             
                  R228-R232,R235,R237,                             
                  R238,R242,R245-R249,                             
                  R252,R254,R255,R259,                             
                  R262-R266,R269,R271,                             
                  R272,R276,R279-R283,                             
                  R286,R288,R289,R293,                             
                  R296-R300,R303,R305,                             
                  R306,R310,R313-R317,                             
                  R320,R322,R323,R327                              
RSMD0603-4K,      R140-R147,R391-R403,     36         ?         ?  
0.1%,0603         R421,R437-R450                                   
RSMD0805-0,1%,    R205-R207,R209,          32         ?         ?  
0805              R222-R224,R226,                                  
                  R239-R241,R243,                                  
                  R256-R258,R260,                                  
                  R273-R275,R277,                                  
                  R290-R292,R294,                                  
                  R307-R309,R311,                                  
                  R324-R326,R328                                   
RSMD0805-10,1%,   R200,R217,R234,R251,     10         ?         ?  
0805              R268,R285,R302,R319,                             
                  R406,R407                                        
RSMD0805-100,     R3-R5,R12,R28,R40,       31         ?         ?  
1%,0805           R41,R76,R77,R110,                                
                  R112,R181-R186,R367,                             
                  R368,R381-R390,R416,                             
                  R417                                             
RSMD0805-1000,    R18,R19,R66,R68,R78,     19         ?         ?  
1%,0805           R79,R82-R87,R108,                                
                  R109,R111,R113-R115,                             
                  R418                                             
RSMD0805-10K,     R1,R2,R38,R39,R72,        8         ?         ?  
1%,0805           R75,R354,R355                                    
RSMD0805-111,     R199,R216,R233,R250,      8         ?         ?  
1%,0805           R267,R284,R301,R318                              
RSMD0805-2K,1%,   R180,R193,R210,R227,      9         ?         ?  
0805              R244,R261,R278,R295,                             
                  R312                                             
RSMD0805-499,     R167,R202,R219,R236,      9         ?         ?  
1%,0805           R253,R270,R287,R304,                             
                  R321                                             
RSMD0805-4K,1%,   R419,R424-R436           14         ?         ?  
0805                                                               
RSMD0805-5.1K,    R47,R80,R351-R353,       21         ?         ?  
1%,0805           R356-R362,R404,                                  
                  R408-R415                                        
RSMD0805-50,1%,   R6-R11,R13-R17,         168         ?         ?  
0805              R20-R27,R29-R37,                                 
                  R42-R46,R48-R65,R67,                             
                  R69-R71,R73,R74,                                 
                  R88-R107,R116-R139,                              
                  R148-R166,R168-R179,                             
                  R187-R192,R329-R349,                             
                  R363-R366,R369,R370,                             
                  R379,R380,R405                                   
RSMD0805-NS,1%,   R81,R350,R371-R378,      11         ?         ?  
0805              R420                                             
SIP_HEADER_16PI   J1                        1         ?         ?  
N                                                                  
SIP_HEADER_2PIN   U87-U92,U166-U217,       73         ?         ?  
                  U228-U242                                        
SN74S32           U152                      1         ?         ?  
SS22SDP2          U25,U71,U72               3         ?         ?  
SY100EL05         U22,U23,U81               3         ?         ?  
SY100EL34L        U28,U86                   2         ?         ?  
SY100EL91L        U27                       1         ?         ?  
TANT0805-0.1UF,   C73,C74,C82,C185          4         ?         ?  
5%,0805,50V                                                        
TANT0805-10UF,    C67,C68,C75,C77,C80       5         ?         ?  
5%,0805,25V                                                        
TANT0805-1UF,     C69,C70,C79,C81           4         ?         ?  
10%,0805,25V                                                       
TESTPOINT_L       TP1-TP42,TP52-TP72,      78         ?         ?  
                  TP122-TP136                                      
THS3061           U106,U108,U111,U113,     16         ?         ?  
                  U116,U118,U121,U123,                             
                  U126,U128,U131,U133,                             
                  U136,U138,U141,U143                              
Z4KE              U155-U157                 3         ?         ?  
TOTAL                                    1040               6.600  
===============   ====================   ====   =======   =======  
